python : Creating test 
database for alias 'default'...
At line:1 char:1
+ python manage.py test 
ai_search.tests_chatbot > 
test_output.txt 2>&1
+ ~~~~~~~~~~~~~~~~~~~~~~~~~~~~~
~~~~~~~~~~~~~~~~~~~~~~~~~~~~~~~
~~~~~~~~
    + CategoryInfo          :  
   NotSpecified: (Creating te  
  st d...as 'default'...:Str   
 ing) [], RemoteException
    + FullyQualifiedErrorId :  
   NativeCommandError
 

E
===============================
===============================
========
ERROR: 
test_faculty_context_injection 
(ai_search.tests_chatbot.Chatbo
tFacultyContextTest.test_facult
y_context_injection)
-------------------------------
-------------------------------
--------
Traceback (most recent call 
last):
  File "C:\Users\hp\AppData\Loc
al\Programs\Python\Python312\Li
b\site-packages\django\db\backe
nds\utils.py", line 105, in 
_execute
    return 
self.cursor.execute(sql, 
params)
           ^^^^^^^^^^^^^^^^^^^^
^^^^^^^^^^^^
  File "C:\Users\hp\AppData\Loc
al\Programs\Python\Python312\Li
b\site-packages\django\db\backe
nds\sqlite3\base.py", line 
359, in execute
    return 
super().execute(query, params)
           
^^^^^^^^^^^^^^^^^^^^^^^^^^^^^^
sqlite3.IntegrityError: NOT 
NULL constraint failed: 
academics_subject.department_id

The above exception was the 
direct cause of the following 
exception:

Traceback (most recent call 
last):
  File "C:\Users\hp\OneDrive\De
sktop\project\College_Managemen
t_System\ai_search\tests_chatbo
t.py", line 24, in setUp
    self.subject = Subject.obje
cts.create(name="Python", 
code="CS101", 
course=self.course, semester=1)
                   ^^^^^^^^^^^^
^^^^^^^^^^^^^^^^^^^^^^^^^^^^^^^
^^^^^^^^^^^^^^^^^^^^^^^^^^^^^^^
^^^^^^^^^
  File "C:\Users\hp\AppData\Loc
al\Programs\Python\Python312\Li
b\site-packages\django\db\model
s\manager.py", line 87, in 
manager_method
    return 
getattr(self.get_queryset(), 
name)(*args, **kwargs)
           ^^^^^^^^^^^^^^^^^^^^
^^^^^^^^^^^^^^^^^^^^^^^^^^^^^^^
  File "C:\Users\hp\AppData\Loc
al\Programs\Python\Python312\Li
b\site-packages\django\db\model
s\query.py", line 669, in 
create
    
obj.save(force_insert=True, 
using=self.db)
  File "C:\Users\hp\AppData\Loc
al\Programs\Python\Python312\Li
b\site-packages\django\db\model
s\base.py", line 874, in save
    self.save_base(
  File "C:\Users\hp\AppData\Loc
al\Programs\Python\Python312\Li
b\site-packages\django\db\model
s\base.py", line 966, in 
save_base
    updated = self._save_table(
              ^^^^^^^^^^^^^^^^^
  File "C:\Users\hp\AppData\Loc
al\Programs\Python\Python312\Li
b\site-packages\django\db\model
s\base.py", line 1169, in 
_save_table
    results = self._do_insert(
              ^^^^^^^^^^^^^^^^
  File "C:\Users\hp\AppData\Loc
al\Programs\Python\Python312\Li
b\site-packages\django\db\model
s\base.py", line 1220, in 
_do_insert
    return manager._insert(
           ^^^^^^^^^^^^^^^^
  File "C:\Users\hp\AppData\Loc
al\Programs\Python\Python312\Li
b\site-packages\django\db\model
s\manager.py", line 87, in 
manager_method
    return 
getattr(self.get_queryset(), 
name)(*args, **kwargs)
           ^^^^^^^^^^^^^^^^^^^^
^^^^^^^^^^^^^^^^^^^^^^^^^^^^^^^
  File "C:\Users\hp\AppData\Loc
al\Programs\Python\Python312\Li
b\site-packages\django\db\model
s\query.py", line 1918, in 
_insert
    return query.get_compiler(u
sing=using).execute_sql(returni
ng_fields)
           ^^^^^^^^^^^^^^^^^^^^
^^^^^^^^^^^^^^^^^^^^^^^^^^^^^^^
^^^^^^^^^^
  File "C:\Users\hp\AppData\Loc
al\Programs\Python\Python312\Li
b\site-packages\django\db\model
s\sql\compiler.py", line 1925, 
in execute_sql
    cursor.execute(sql, params)
  File "C:\Users\hp\AppData\Loc
al\Programs\Python\Python312\Li
b\site-packages\django\db\backe
nds\utils.py", line 79, in 
execute
    return 
self._execute_with_wrappers(
           
^^^^^^^^^^^^^^^^^^^^^^^^^^^^
  File "C:\Users\hp\AppData\Loc
al\Programs\Python\Python312\Li
b\site-packages\django\db\backe
nds\utils.py", line 92, in 
_execute_with_wrappers
    return executor(sql, 
params, many, context)
           ^^^^^^^^^^^^^^^^^^^^
^^^^^^^^^^^^^^^^
  File "C:\Users\hp\AppData\Loc
al\Programs\Python\Python312\Li
b\site-packages\django\db\backe
nds\utils.py", line 100, in 
_execute
    with 
self.db.wrap_database_errors:
         
^^^^^^^^^^^^^^^^^^^^^^^^^^^^
  File "C:\Users\hp\AppData\Loc
al\Programs\Python\Python312\Li
b\site-packages\django\db\utils
.py", line 94, in __exit__
    raise dj_exc_value.with_tra
ceback(traceback) from 
exc_value
  File "C:\Users\hp\AppData\Loc
al\Programs\Python\Python312\Li
b\site-packages\django\db\backe
nds\utils.py", line 105, in 
_execute
    return 
self.cursor.execute(sql, 
params)
           ^^^^^^^^^^^^^^^^^^^^
^^^^^^^^^^^^
  File "C:\Users\hp\AppData\Loc
al\Programs\Python\Python312\Li
b\site-packages\django\db\backe
nds\sqlite3\base.py", line 
359, in execute
    return 
super().execute(query, params)
           
^^^^^^^^^^^^^^^^^^^^^^^^^^^^^^
django.db.utils.IntegrityError:
 NOT NULL constraint failed: 
academics_subject.department_id

-------------------------------
-------------------------------
--------
Ran 1 test in 1.562s

FAILED (errors=1)
Destroying test database for 
alias 'default'...

Found 1 test(s).
System check identified no issues (0 silenced).
